// Jest Snapshot v1, https://goo.gl/fbAQLP

exports[`DoneForm renders without crashing 1`] = `
<DocumentFragment>
  <div
    class="MuiGrid-root MuiGrid-container MuiGrid-spacing-xs-2 MuiGrid-justify-xs-center"
  >
    <div
      class="MuiGrid-root MuiGrid-item MuiGrid-grid-xs-2"
    >
      <svg
        aria-hidden="true"
        class="MuiSvgIcon-root MuiSvgIcon-colorPrimary MuiSvgIcon-fontSizeLarge"
        focusable="false"
        viewBox="0 0 24 24"
      >
        <path
          d="M9 16.2L4.8 12l-1.4 1.4L9 19 21 7l-1.4-1.4L9 16.2z"
        />
      </svg>
    </div>
    <div
      class="MuiGrid-root MuiGrid-item MuiGrid-grid-xs-12"
    >
      <h6
        class="MuiTypography-root MuiTypography-subtitle1 MuiTypography-colorPrimary MuiTypography-gutterBottom"
      >
        Please verify your email address, you should have received an email from us already!
      </h6>
    </div>
  </div>
</DocumentFragment>
`;
